2026-02-06 11:01:41 [main] INFO  org.testng.internal.Utils - [Utils] MethodGroupsHelper.collectMethodsByGroup() took 4 ms.
2026-02-06 11:01:41 [main] INFO  org.testng.internal.Utils - [Utils] MethodGroupsHelper.sortMethods() took 5 ms.
2026-02-06 11:01:41 [main] INFO  org.testng.internal.Utils - [Utils] MethodGroupsHelper.collectMethodsByGroup() took 0 ms.
2026-02-06 11:01:41 [main] INFO  org.testng.internal.Utils - [Utils] MethodGroupsHelper.sortMethods() took 0 ms.
2026-02-06 11:01:41 [main] INFO  org.testng.internal.Utils - [Utils] MethodGroupsHelper.collectMethodsByGroup() took 0 ms.
2026-02-06 11:01:41 [main] INFO  org.testng.internal.Utils - [Utils] MethodGroupsHelper.sortMethods() took 0 ms.
2026-02-06 11:01:41 [main] INFO  org.testng.internal.Utils - [Utils] MethodGroupsHelper.collectMethodsByGroup() took 0 ms.
2026-02-06 11:01:41 [main] INFO  org.testng.internal.Utils - [Utils] MethodGroupsHelper.sortMethods() took 0 ms.
2026-02-06 11:01:41 [main] INFO  org.testng.internal.Utils - [Utils] MethodGroupsHelper.collectMethodsByGroup() took 0 ms.
2026-02-06 11:01:41 [main] INFO  org.testng.internal.Utils - [Utils] MethodGroupsHelper.sortMethods() took 0 ms.
2026-02-06 11:01:41 [main] INFO  org.testng.internal.Utils - [Utils] MethodGroupsHelper.collectMethodsByGroup() took 0 ms.
2026-02-06 11:01:41 [main] INFO  org.testng.internal.Utils - [Utils] MethodGroupsHelper.sortMethods() took 0 ms.
2026-02-06 11:01:41 [main] INFO  org.testng.internal.Utils - [Utils] MethodGroupsHelper.collectMethodsByGroup() took 0 ms.
2026-02-06 11:01:41 [main] INFO  org.testng.internal.Utils - [Utils] MethodGroupsHelper.sortMethods() took 0 ms.
2026-02-06 11:01:41 [main] INFO  org.testng.internal.Utils - [Utils] MethodGroupsHelper.collectMethodsByGroup() took 0 ms.
2026-02-06 11:01:41 [main] INFO  org.testng.internal.Utils - [Utils] MethodGroupsHelper.sortMethods() took 0 ms.
2026-02-06 11:01:41 [main] INFO  org.testng.internal.Utils - [Utils] MethodGroupsHelper.collectMethodsByGroup() took 0 ms.
2026-02-06 11:01:41 [main] INFO  org.testng.internal.Utils - [Utils] MethodGroupsHelper.sortMethods() took 0 ms.
2026-02-06 11:01:41 [main] INFO  org.testng.internal.Utils - [Utils] MethodGroupsHelper.collectMethodsByGroup() took 1 ms.
2026-02-06 11:01:41 [main] INFO  org.testng.internal.Utils - [Utils] MethodGroupsHelper.sortMethods() took 0 ms.
2026-02-06 11:01:41 [main] INFO  org.testng.internal.Utils - [Utils] MethodGroupsHelper.collectMethodsByGroup() took 0 ms.
2026-02-06 11:01:41 [main] INFO  org.testng.internal.Utils - [Utils] MethodGroupsHelper.sortMethods() took 1 ms.
2026-02-06 11:01:41 [main] INFO  org.testng.internal.Utils - [Utils] MethodGroupsHelper.collectMethodsByGroup() took 0 ms.
2026-02-06 11:01:41 [main] INFO  org.testng.internal.Utils - [Utils] MethodGroupsHelper.sortMethods() took 0 ms.
2026-02-06 11:01:41 [main] INFO  org.testng.internal.Utils - [Utils] MethodGroupsHelper.collectMethodsByGroup() took 1 ms.
2026-02-06 11:01:41 [main] INFO  org.testng.internal.Utils - [Utils] MethodGroupsHelper.sortMethods() took 0 ms.
2026-02-06 11:01:41 [main] INFO  org.testng.internal.Utils - [Utils] MethodGroupsHelper.collectMethodsByGroup() took 0 ms.
2026-02-06 11:01:41 [main] INFO  org.testng.internal.Utils - [Utils] MethodGroupsHelper.sortMethods() took 0 ms.
2026-02-06 11:01:41 [main] INFO  org.testng.internal.Utils - [Utils] MethodGroupsHelper.collectMethodsByGroup() took 0 ms.
2026-02-06 11:01:41 [main] INFO  org.testng.internal.Utils - [Utils] MethodGroupsHelper.sortMethods() took 0 ms.
2026-02-06 11:01:41 [main] INFO  org.testng.internal.Utils - [TestNG] Running:
  C:\Users\ASUS\AppData\Local\Temp\testng-eclipse-979866560\testng-customsuite.xml

2026-02-06 11:01:41 [main] INFO  com.automation.utils.Log - ==== Test Suite Setup ====
2026-02-06 11:01:42 [main] INFO  org.testng.internal.Utils - [Utils] DynamicGraphHelper.createDynamicGraph() took 3 ms.
2026-02-06 11:01:42 [main] INFO  com.automation.utils.Log - Launching application
2026-02-06 11:01:42 [main] INFO  io.github.bonigarcia.wdm.WebDriverManager - Using chromedriver 144.0.7559.133 (resolved driver for Chrome 144)
2026-02-06 11:01:42 [main] INFO  io.github.bonigarcia.wdm.WebDriverManager - Exporting webdriver.chrome.driver as C:\Users\ASUS\.cache\selenium\chromedriver\win64\144.0.7559.133\chromedriver.exe
2026-02-06 11:01:44 [main] INFO  com.automation.utils.Log - Waiting for page to load completely
2026-02-06 11:01:44 [main] INFO  com.automation.utils.Log - Page load completed
2026-02-06 11:01:44 [main] INFO  com.automation.utils.Log - Waiting for UI stability: 1 seconds
2026-02-06 11:01:45 [main] INFO  com.automation.utils.Log - Screenshot saved: 001_InitialPageLoad_20260206_110145.png
2026-02-06 11:01:45 [main] INFO  com.automation.utils.Log - ===== TC_DB_004 Started: Unauthorized Page Access =====
2026-02-06 11:01:45 [main] INFO  com.automation.utils.Log - Waiting for page to load completely
2026-02-06 11:01:45 [main] INFO  com.automation.utils.Log - Page load completed
2026-02-06 11:01:45 [main] INFO  com.automation.utils.Log - Waiting for UI stability: 2 seconds
2026-02-06 11:01:47 [main] INFO  com.automation.utils.Log - Screenshot saved: 002_BeforeEnteringText_20260206_110147.png
2026-02-06 11:01:47 [main] INFO  com.automation.utils.Log - Waiting for page to load completely
2026-02-06 11:01:47 [main] INFO  com.automation.utils.Log - Page load completed
2026-02-06 11:01:47 [main] INFO  com.automation.utils.Log - Waiting for UI stability: 2 seconds
2026-02-06 11:01:49 [main] INFO  com.automation.utils.Log - Screenshot saved: 003_AfterEnteringText_leolewis@dayrep.com    _20260206_110149.png
2026-02-06 11:01:49 [main] INFO  com.automation.utils.Log - Waiting for page to load completely
2026-02-06 11:01:49 [main] INFO  com.automation.utils.Log - Page load completed
2026-02-06 11:01:49 [main] INFO  com.automation.utils.Log - Waiting for UI stability: 2 seconds
2026-02-06 11:01:52 [main] INFO  com.automation.utils.Log - Screenshot saved: 004_BeforeEnteringText_20260206_110151.png
2026-02-06 11:01:52 [main] INFO  com.automation.utils.Log - Waiting for page to load completely
2026-02-06 11:01:52 [main] INFO  com.automation.utils.Log - Page load completed
2026-02-06 11:01:52 [main] INFO  com.automation.utils.Log - Waiting for UI stability: 2 seconds
2026-02-06 11:01:54 [main] INFO  com.automation.utils.Log - Screenshot saved: 005_AfterEnteringText_JwIzOY^19jsn_20260206_110154.png
2026-02-06 11:01:54 [main] INFO  com.automation.utils.Log - Waiting for page to load completely
2026-02-06 11:01:54 [main] INFO  com.automation.utils.Log - Page load completed
2026-02-06 11:01:54 [main] INFO  com.automation.utils.Log - Waiting for UI stability: 2 seconds
2026-02-06 11:01:56 [main] INFO  com.automation.utils.Log - Screenshot saved: 006_BeforeClick_20260206_110156.png
2026-02-06 11:01:56 [main] INFO  com.automation.utils.Log - Waiting for page to load completely
2026-02-06 11:01:56 [main] INFO  com.automation.utils.Log - Page load completed
2026-02-06 11:01:56 [main] INFO  com.automation.utils.Log - Waiting for UI stability: 2 seconds
2026-02-06 11:01:58 [main] INFO  com.automation.utils.Log - Screenshot saved: 007_AfterClick_20260206_110158.png
2026-02-06 11:01:59 [main] INFO  com.automation.utils.Log - Waiting for page to load completely
2026-02-06 11:01:59 [main] INFO  com.automation.utils.Log - Page load completed
2026-02-06 11:01:59 [main] INFO  com.automation.utils.Log - Waiting for UI stability: 2 seconds
2026-02-06 11:02:01 [main] INFO  com.automation.utils.Log - Screenshot saved: 008_BeforeClick_20260206_110201.png
2026-02-06 11:02:01 [main] INFO  com.automation.utils.Log - Waiting for page to load completely
2026-02-06 11:02:01 [main] INFO  com.automation.utils.Log - Page load completed
2026-02-06 11:02:01 [main] INFO  com.automation.utils.Log - Waiting for UI stability: 2 seconds
2026-02-06 11:02:03 [main] INFO  com.automation.utils.Log - Screenshot saved: 009_AfterClick_20260206_110203.png
2026-02-06 11:02:04 [main] INFO  com.automation.utils.Log - Screenshot saved: 010_TC_DB_004_verifyUnauthorizedPageAccess_20260206_110204.png
2026-02-06 11:02:04 [main] INFO  com.automation.utils.Log - ==== Test Suite Completed ====
2026-02-06 11:02:04 [main] INFO  org.testng.internal.Utils - [TestNG] Time taken by org.testng.reporters.SuiteHTMLReporter@834e986: 10 ms
2026-02-06 11:02:04 [main] INFO  org.testng.internal.Utils - [TestNG] Time taken by org.testng.reporters.jq.Main@47b269c4: 27 ms
2026-02-06 11:02:04 [main] INFO  org.testng.internal.Utils - [TestNG] Time taken by org.testng.reporters.FailedReporter@7b2bf745: 8 ms
2026-02-06 11:02:04 [main] INFO  org.testng.internal.Utils - [TestNG] Time taken by org.testng.reporters.XMLReporter@157d3a45: 9 ms
2026-02-06 11:02:04 [main] INFO  org.testng.internal.Utils - [TestNG] Time taken by org.testng.reporters.EmailableReporter2@261bd7b: 6 ms
2026-02-06 11:02:04 [main] INFO  org.testng.internal.Utils - [TestNG] Time taken by org.testng.reporters.JUnitReportReporter@2b08772d: 4 ms
2026-02-06 11:02:04 [main] INFO  org.testng.internal.Utils - [TestNG] Time taken by org.testng.internal.ExitCodeListener@78a8978a: 0 ms
2026-02-06 11:26:39 [main] INFO  org.testng.internal.Utils - [Utils] MethodGroupsHelper.collectMethodsByGroup() took 1 ms.
2026-02-06 11:26:39 [main] INFO  org.testng.internal.Utils - [Utils] MethodGroupsHelper.sortMethods() took 6 ms.
2026-02-06 11:26:39 [main] INFO  org.testng.internal.Utils - [Utils] MethodGroupsHelper.collectMethodsByGroup() took 0 ms.
2026-02-06 11:26:39 [main] INFO  org.testng.internal.Utils - [Utils] MethodGroupsHelper.sortMethods() took 0 ms.
2026-02-06 11:26:39 [main] INFO  org.testng.internal.Utils - [Utils] MethodGroupsHelper.collectMethodsByGroup() took 0 ms.
2026-02-06 11:26:39 [main] INFO  org.testng.internal.Utils - [Utils] MethodGroupsHelper.sortMethods() took 0 ms.
2026-02-06 11:26:39 [main] INFO  org.testng.internal.Utils - [Utils] MethodGroupsHelper.collectMethodsByGroup() took 0 ms.
2026-02-06 11:26:39 [main] INFO  org.testng.internal.Utils - [Utils] MethodGroupsHelper.sortMethods() took 0 ms.
2026-02-06 11:26:39 [main] INFO  org.testng.internal.Utils - [Utils] MethodGroupsHelper.collectMethodsByGroup() took 0 ms.
2026-02-06 11:26:39 [main] INFO  org.testng.internal.Utils - [Utils] MethodGroupsHelper.sortMethods() took 0 ms.
2026-02-06 11:26:39 [main] INFO  org.testng.internal.Utils - [Utils] MethodGroupsHelper.collectMethodsByGroup() took 0 ms.
2026-02-06 11:26:39 [main] INFO  org.testng.internal.Utils - [Utils] MethodGroupsHelper.sortMethods() took 0 ms.
2026-02-06 11:26:39 [main] INFO  org.testng.internal.Utils - [Utils] MethodGroupsHelper.collectMethodsByGroup() took 0 ms.
2026-02-06 11:26:39 [main] INFO  org.testng.internal.Utils - [Utils] MethodGroupsHelper.sortMethods() took 0 ms.
2026-02-06 11:26:39 [main] INFO  org.testng.internal.Utils - [Utils] MethodGroupsHelper.collectMethodsByGroup() took 0 ms.
2026-02-06 11:26:39 [main] INFO  org.testng.internal.Utils - [Utils] MethodGroupsHelper.sortMethods() took 0 ms.
2026-02-06 11:26:39 [main] INFO  org.testng.internal.Utils - [Utils] MethodGroupsHelper.collectMethodsByGroup() took 0 ms.
2026-02-06 11:26:39 [main] INFO  org.testng.internal.Utils - [Utils] MethodGroupsHelper.sortMethods() took 0 ms.
2026-02-06 11:26:39 [main] INFO  org.testng.internal.Utils - [Utils] MethodGroupsHelper.collectMethodsByGroup() took 0 ms.
2026-02-06 11:26:39 [main] INFO  org.testng.internal.Utils - [Utils] MethodGroupsHelper.sortMethods() took 0 ms.
2026-02-06 11:26:39 [main] INFO  org.testng.internal.Utils - [Utils] MethodGroupsHelper.collectMethodsByGroup() took 0 ms.
2026-02-06 11:26:39 [main] INFO  org.testng.internal.Utils - [Utils] MethodGroupsHelper.sortMethods() took 0 ms.
2026-02-06 11:26:39 [main] INFO  org.testng.internal.Utils - [Utils] MethodGroupsHelper.collectMethodsByGroup() took 0 ms.
2026-02-06 11:26:39 [main] INFO  org.testng.internal.Utils - [Utils] MethodGroupsHelper.sortMethods() took 0 ms.
2026-02-06 11:26:39 [main] INFO  org.testng.internal.Utils - [Utils] MethodGroupsHelper.collectMethodsByGroup() took 1 ms.
2026-02-06 11:26:39 [main] INFO  org.testng.internal.Utils - [Utils] MethodGroupsHelper.sortMethods() took 0 ms.
2026-02-06 11:26:39 [main] INFO  org.testng.internal.Utils - [Utils] MethodGroupsHelper.collectMethodsByGroup() took 0 ms.
2026-02-06 11:26:39 [main] INFO  org.testng.internal.Utils - [Utils] MethodGroupsHelper.sortMethods() took 0 ms.
2026-02-06 11:26:39 [main] INFO  org.testng.internal.Utils - [Utils] MethodGroupsHelper.collectMethodsByGroup() took 0 ms.
2026-02-06 11:26:39 [main] INFO  org.testng.internal.Utils - [Utils] MethodGroupsHelper.sortMethods() took 0 ms.
2026-02-06 11:26:39 [main] INFO  org.testng.internal.Utils - [TestNG] Running:
  C:\Users\ASUS\AppData\Local\Temp\testng-eclipse-1780827283\testng-customsuite.xml

2026-02-06 11:26:39 [main] INFO  com.automation.utils.Log - ==== Test Suite Setup ====
2026-02-06 11:26:39 [main] INFO  org.testng.internal.Utils - [Utils] DynamicGraphHelper.createDynamicGraph() took 2 ms.
2026-02-06 11:26:39 [main] INFO  com.automation.utils.Log - Launching application
2026-02-06 11:26:39 [main] INFO  io.github.bonigarcia.wdm.WebDriverManager - Using chromedriver 144.0.7559.133 (resolved driver for Chrome 144)
2026-02-06 11:26:39 [main] INFO  io.github.bonigarcia.wdm.WebDriverManager - Exporting webdriver.chrome.driver as C:\Users\ASUS\.cache\selenium\chromedriver\win64\144.0.7559.133\chromedriver.exe
2026-02-06 11:26:40 [main] INFO  com.automation.utils.Log - Waiting for page to load completely
2026-02-06 11:26:40 [main] INFO  com.automation.utils.Log - Page load completed
2026-02-06 11:26:40 [main] INFO  com.automation.utils.Log - Waiting for UI stability: 1 seconds
2026-02-06 11:26:41 [main] INFO  com.automation.utils.Log - Screenshot saved: 001_InitialPageLoad_20260206_112641.png
2026-02-06 11:26:41 [main] INFO  com.automation.utils.Log - ===== TC_DB_004 Started: Unauthorized Page Access =====
2026-02-06 11:26:41 [main] INFO  com.automation.utils.Log - Waiting for page to load completely
2026-02-06 11:26:41 [main] INFO  com.automation.utils.Log - Page load completed
2026-02-06 11:26:41 [main] INFO  com.automation.utils.Log - Waiting for UI stability: 2 seconds
2026-02-06 11:26:44 [main] INFO  com.automation.utils.Log - Screenshot saved: 002_BeforeEnteringText_20260206_112643.png
2026-02-06 11:26:44 [main] INFO  com.automation.utils.Log - Waiting for page to load completely
2026-02-06 11:26:44 [main] INFO  com.automation.utils.Log - Page load completed
2026-02-06 11:26:44 [main] INFO  com.automation.utils.Log - Waiting for UI stability: 2 seconds
2026-02-06 11:26:46 [main] INFO  com.automation.utils.Log - Screenshot saved: 003_AfterEnteringText_leolewis@dayrep.com    _20260206_112646.png
2026-02-06 11:26:46 [main] INFO  com.automation.utils.Log - Waiting for page to load completely
2026-02-06 11:26:46 [main] INFO  com.automation.utils.Log - Page load completed
2026-02-06 11:26:46 [main] INFO  com.automation.utils.Log - Waiting for UI stability: 2 seconds
2026-02-06 11:26:48 [main] INFO  com.automation.utils.Log - Screenshot saved: 004_BeforeEnteringText_20260206_112648.png
2026-02-06 11:26:48 [main] INFO  com.automation.utils.Log - Waiting for page to load completely
2026-02-06 11:26:48 [main] INFO  com.automation.utils.Log - Page load completed
2026-02-06 11:26:48 [main] INFO  com.automation.utils.Log - Waiting for UI stability: 2 seconds
2026-02-06 11:26:50 [main] INFO  com.automation.utils.Log - Screenshot saved: 005_AfterEnteringText_JwIzOY^19jsn_20260206_112650.png
2026-02-06 11:26:50 [main] INFO  com.automation.utils.Log - Waiting for page to load completely
2026-02-06 11:26:50 [main] INFO  com.automation.utils.Log - Page load completed
2026-02-06 11:26:50 [main] INFO  com.automation.utils.Log - Waiting for UI stability: 2 seconds
2026-02-06 11:26:53 [main] INFO  com.automation.utils.Log - Screenshot saved: 006_BeforeClick_20260206_112652.png
2026-02-06 11:26:53 [main] INFO  com.automation.utils.Log - Waiting for page to load completely
2026-02-06 11:26:53 [main] INFO  com.automation.utils.Log - Page load completed
2026-02-06 11:26:53 [main] INFO  com.automation.utils.Log - Waiting for UI stability: 2 seconds
2026-02-06 11:26:55 [main] INFO  com.automation.utils.Log - Screenshot saved: 007_AfterClick_20260206_112655.png
2026-02-06 11:26:55 [main] INFO  com.automation.utils.Log - Waiting for page to load completely
2026-02-06 11:26:55 [main] INFO  com.automation.utils.Log - Page load completed
2026-02-06 11:26:55 [main] INFO  com.automation.utils.Log - Waiting for UI stability: 2 seconds
2026-02-06 11:26:57 [main] INFO  com.automation.utils.Log - Screenshot saved: 008_BeforeClick_20260206_112657.png
2026-02-06 11:26:57 [main] INFO  com.automation.utils.Log - Waiting for page to load completely
2026-02-06 11:26:57 [main] INFO  com.automation.utils.Log - Page load completed
2026-02-06 11:26:57 [main] INFO  com.automation.utils.Log - Waiting for UI stability: 2 seconds
2026-02-06 11:26:59 [main] INFO  com.automation.utils.Log - Screenshot saved: 009_AfterClick_20260206_112659.png
2026-02-06 11:26:59 [main] INFO  com.automation.utils.Log - Checking if unauthorized page is displayed
2026-02-06 11:26:59 [main] INFO  com.automation.utils.Log - Waiting for unauthorized heading to be visible
2026-02-06 11:27:00 [main] INFO  com.automation.utils.Log - Unauthorized heading text: 'Access Denied'
2026-02-06 11:27:00 [main] INFO  com.automation.utils.Log - Unauthorized heading displayed: true
2026-02-06 11:27:00 [main] INFO  com.automation.utils.Log - ✓ Unauthorized page is displayed
2026-02-06 11:27:00 [main] INFO  com.automation.utils.Log - Checking if current URL indicates unauthorized access
2026-02-06 11:27:00 [main] INFO  com.automation.utils.Log - Current URL: https://apycue-staging.web.app/backoffice/unauthorized
2026-02-06 11:27:00 [main] INFO  com.automation.utils.Log - ✓ URL indicates unauthorized access
2026-02-06 11:27:00 [main] INFO  com.automation.utils.Log - ===== TC_DB_004 Completed Successfully =====
2026-02-06 11:27:01 [main] INFO  com.automation.utils.Log - ==== Test Suite Completed ====
2026-02-06 11:27:01 [main] INFO  org.testng.internal.Utils - [TestNG] Time taken by org.testng.reporters.SuiteHTMLReporter@2582b0ef: 12 ms
2026-02-06 11:27:01 [main] INFO  org.testng.internal.Utils - [TestNG] Time taken by org.testng.reporters.jq.Main@5ba03c82: 33 ms
2026-02-06 11:27:01 [main] INFO  org.testng.internal.Utils - [TestNG] Time taken by org.testng.reporters.FailedReporter@60df7989: 0 ms
2026-02-06 11:27:01 [main] INFO  org.testng.internal.Utils - [TestNG] Time taken by org.testng.reporters.XMLReporter@dd4aec3: 8 ms
2026-02-06 11:27:01 [main] INFO  org.testng.internal.Utils - [TestNG] Time taken by org.testng.reporters.EmailableReporter2@642ee49c: 6 ms
2026-02-06 11:27:01 [main] INFO  org.testng.internal.Utils - [TestNG] Time taken by org.testng.reporters.JUnitReportReporter@58a2d9f9: 3 ms
2026-02-06 11:27:01 [main] INFO  org.testng.internal.Utils - [TestNG] Time taken by org.testng.internal.ExitCodeListener@4337afd: 0 ms
2026-02-06 11:29:11 [main] INFO  org.testng.internal.Utils - [Utils] MethodGroupsHelper.collectMethodsByGroup() took 4 ms.
2026-02-06 11:29:11 [main] INFO  org.testng.internal.Utils - [Utils] MethodGroupsHelper.sortMethods() took 7 ms.
2026-02-06 11:29:11 [main] INFO  org.testng.internal.Utils - [Utils] MethodGroupsHelper.collectMethodsByGroup() took 0 ms.
2026-02-06 11:29:11 [main] INFO  org.testng.internal.Utils - [Utils] MethodGroupsHelper.sortMethods() took 0 ms.
2026-02-06 11:29:11 [main] INFO  org.testng.internal.Utils - [Utils] MethodGroupsHelper.collectMethodsByGroup() took 0 ms.
2026-02-06 11:29:11 [main] INFO  org.testng.internal.Utils - [Utils] MethodGroupsHelper.sortMethods() took 0 ms.
2026-02-06 11:29:11 [main] INFO  org.testng.internal.Utils - [Utils] MethodGroupsHelper.collectMethodsByGroup() took 0 ms.
2026-02-06 11:29:11 [main] INFO  org.testng.internal.Utils - [Utils] MethodGroupsHelper.sortMethods() took 0 ms.
2026-02-06 11:29:11 [main] INFO  org.testng.internal.Utils - [Utils] MethodGroupsHelper.collectMethodsByGroup() took 0 ms.
2026-02-06 11:29:11 [main] INFO  org.testng.internal.Utils - [Utils] MethodGroupsHelper.sortMethods() took 0 ms.
2026-02-06 11:29:11 [main] INFO  org.testng.internal.Utils - [Utils] MethodGroupsHelper.collectMethodsByGroup() took 0 ms.
2026-02-06 11:29:11 [main] INFO  org.testng.internal.Utils - [Utils] MethodGroupsHelper.sortMethods() took 0 ms.
2026-02-06 11:29:11 [main] INFO  org.testng.internal.Utils - [Utils] MethodGroupsHelper.collectMethodsByGroup() took 0 ms.
2026-02-06 11:29:11 [main] INFO  org.testng.internal.Utils - [Utils] MethodGroupsHelper.sortMethods() took 0 ms.
2026-02-06 11:29:11 [main] INFO  org.testng.internal.Utils - [Utils] MethodGroupsHelper.collectMethodsByGroup() took 0 ms.
2026-02-06 11:29:11 [main] INFO  org.testng.internal.Utils - [Utils] MethodGroupsHelper.sortMethods() took 0 ms.
2026-02-06 11:29:11 [main] INFO  org.testng.internal.Utils - [Utils] MethodGroupsHelper.collectMethodsByGroup() took 0 ms.
2026-02-06 11:29:11 [main] INFO  org.testng.internal.Utils - [Utils] MethodGroupsHelper.sortMethods() took 0 ms.
2026-02-06 11:29:11 [main] INFO  org.testng.internal.Utils - [Utils] MethodGroupsHelper.collectMethodsByGroup() took 0 ms.
2026-02-06 11:29:11 [main] INFO  org.testng.internal.Utils - [Utils] MethodGroupsHelper.sortMethods() took 0 ms.
2026-02-06 11:29:11 [main] INFO  org.testng.internal.Utils - [Utils] MethodGroupsHelper.collectMethodsByGroup() took 0 ms.
2026-02-06 11:29:11 [main] INFO  org.testng.internal.Utils - [Utils] MethodGroupsHelper.sortMethods() took 0 ms.
2026-02-06 11:29:11 [main] INFO  org.testng.internal.Utils - [Utils] MethodGroupsHelper.collectMethodsByGroup() took 0 ms.
2026-02-06 11:29:11 [main] INFO  org.testng.internal.Utils - [Utils] MethodGroupsHelper.sortMethods() took 0 ms.
2026-02-06 11:29:11 [main] INFO  org.testng.internal.Utils - [Utils] MethodGroupsHelper.collectMethodsByGroup() took 1 ms.
2026-02-06 11:29:11 [main] INFO  org.testng.internal.Utils - [Utils] MethodGroupsHelper.sortMethods() took 0 ms.
2026-02-06 11:29:11 [main] INFO  org.testng.internal.Utils - [Utils] MethodGroupsHelper.collectMethodsByGroup() took 0 ms.
2026-02-06 11:29:11 [main] INFO  org.testng.internal.Utils - [Utils] MethodGroupsHelper.sortMethods() took 0 ms.
2026-02-06 11:29:11 [main] INFO  org.testng.internal.Utils - [Utils] MethodGroupsHelper.collectMethodsByGroup() took 0 ms.
2026-02-06 11:29:11 [main] INFO  org.testng.internal.Utils - [Utils] MethodGroupsHelper.sortMethods() took 0 ms.
2026-02-06 11:29:11 [main] INFO  org.testng.internal.Utils - [TestNG] Running:
  C:\Users\ASUS\AppData\Local\Temp\testng-eclipse--1968368503\testng-customsuite.xml

2026-02-06 11:29:11 [main] INFO  com.automation.utils.Log - ==== Test Suite Setup ====
2026-02-06 11:29:11 [main] INFO  org.testng.internal.Utils - [Utils] DynamicGraphHelper.createDynamicGraph() took 2 ms.
2026-02-06 11:29:11 [main] INFO  com.automation.utils.Log - Launching application
2026-02-06 11:29:12 [main] INFO  io.github.bonigarcia.wdm.WebDriverManager - Using chromedriver 144.0.7559.133 (resolved driver for Chrome 144)
2026-02-06 11:29:12 [main] INFO  io.github.bonigarcia.wdm.WebDriverManager - Exporting webdriver.chrome.driver as C:\Users\ASUS\.cache\selenium\chromedriver\win64\144.0.7559.133\chromedriver.exe
2026-02-06 11:29:13 [main] INFO  com.automation.utils.Log - Waiting for page to load completely
2026-02-06 11:29:13 [main] INFO  com.automation.utils.Log - Page load completed
2026-02-06 11:29:13 [main] INFO  com.automation.utils.Log - Waiting for UI stability: 1 seconds
2026-02-06 11:29:14 [main] INFO  com.automation.utils.Log - Screenshot saved: 001_InitialPageLoad_20260206_112914.png
2026-02-06 11:29:14 [main] INFO  com.automation.utils.Log - ===== TC_DB_004 Started: Unauthorized Page Access =====
2026-02-06 11:29:14 [main] INFO  com.automation.utils.Log - Waiting for page to load completely
2026-02-06 11:29:14 [main] INFO  com.automation.utils.Log - Page load completed
2026-02-06 11:29:14 [main] INFO  com.automation.utils.Log - Waiting for UI stability: 2 seconds
2026-02-06 11:29:16 [main] INFO  com.automation.utils.Log - Screenshot saved: 002_BeforeEnteringText_20260206_112916.png
2026-02-06 11:29:17 [main] INFO  com.automation.utils.Log - Waiting for page to load completely
2026-02-06 11:29:17 [main] INFO  com.automation.utils.Log - Page load completed
2026-02-06 11:29:17 [main] INFO  com.automation.utils.Log - Waiting for UI stability: 2 seconds
2026-02-06 11:29:19 [main] INFO  com.automation.utils.Log - Screenshot saved: 003_AfterEnteringText_leolewis@dayrep.com    _20260206_112919.png
2026-02-06 11:29:19 [main] INFO  com.automation.utils.Log - Waiting for page to load completely
2026-02-06 11:29:19 [main] INFO  com.automation.utils.Log - Page load completed
2026-02-06 11:29:19 [main] INFO  com.automation.utils.Log - Waiting for UI stability: 2 seconds
2026-02-06 11:29:21 [main] INFO  com.automation.utils.Log - Screenshot saved: 004_BeforeEnteringText_20260206_112921.png
2026-02-06 11:29:21 [main] INFO  com.automation.utils.Log - Waiting for page to load completely
2026-02-06 11:29:21 [main] INFO  com.automation.utils.Log - Page load completed
2026-02-06 11:29:21 [main] INFO  com.automation.utils.Log - Waiting for UI stability: 2 seconds
2026-02-06 11:29:23 [main] INFO  com.automation.utils.Log - Screenshot saved: 005_AfterEnteringText_JwIzOY^19jsn_20260206_112923.png
2026-02-06 11:29:23 [main] INFO  com.automation.utils.Log - Waiting for page to load completely
2026-02-06 11:29:23 [main] INFO  com.automation.utils.Log - Page load completed
2026-02-06 11:29:23 [main] INFO  com.automation.utils.Log - Waiting for UI stability: 2 seconds
2026-02-06 11:29:25 [main] INFO  com.automation.utils.Log - Screenshot saved: 006_BeforeClick_20260206_112925.png
2026-02-06 11:29:25 [main] INFO  com.automation.utils.Log - Waiting for page to load completely
2026-02-06 11:29:25 [main] INFO  com.automation.utils.Log - Page load completed
2026-02-06 11:29:25 [main] INFO  com.automation.utils.Log - Waiting for UI stability: 2 seconds
2026-02-06 11:29:27 [main] INFO  com.automation.utils.Log - Screenshot saved: 007_AfterClick_20260206_112927.png
2026-02-06 11:29:27 [main] INFO  com.automation.utils.Log - Waiting for page to load completely
2026-02-06 11:29:27 [main] INFO  com.automation.utils.Log - Page load completed
2026-02-06 11:29:27 [main] INFO  com.automation.utils.Log - Waiting for UI stability: 2 seconds
2026-02-06 11:29:30 [main] INFO  com.automation.utils.Log - Screenshot saved: 008_BeforeClick_20260206_112929.png
2026-02-06 11:29:30 [main] INFO  com.automation.utils.Log - Waiting for page to load completely
2026-02-06 11:29:30 [main] INFO  com.automation.utils.Log - Page load completed
2026-02-06 11:29:30 [main] INFO  com.automation.utils.Log - Waiting for UI stability: 2 seconds
2026-02-06 11:29:32 [main] INFO  com.automation.utils.Log - Screenshot saved: 009_AfterClick_20260206_112932.png
2026-02-06 11:29:32 [main] INFO  com.automation.utils.Log - Checking if unauthorized page is displayed
2026-02-06 11:29:32 [main] INFO  com.automation.utils.Log - Waiting for unauthorized heading to be visible
2026-02-06 11:29:33 [main] INFO  com.automation.utils.Log - Unauthorized heading text: 'Access Denied'
2026-02-06 11:29:33 [main] INFO  com.automation.utils.Log - Unauthorized heading displayed: true
2026-02-06 11:29:33 [main] INFO  com.automation.utils.Log - ✓ Unauthorized page is displayed
2026-02-06 11:29:33 [main] INFO  com.automation.utils.Log - Checking if current URL indicates unauthorized access
2026-02-06 11:29:33 [main] INFO  com.automation.utils.Log - Current URL: https://apycue-staging.web.app/backoffice/unauthorized
2026-02-06 11:29:33 [main] INFO  com.automation.utils.Log - ✓ URL indicates unauthorized access
2026-02-06 11:29:33 [main] INFO  com.automation.utils.Log - ===== TC_DB_004 Completed Successfully =====
2026-02-06 11:29:33 [main] INFO  com.automation.utils.Log - ==== Test Suite Completed ====
2026-02-06 11:29:33 [main] INFO  org.testng.internal.Utils - [TestNG] Time taken by org.testng.reporters.SuiteHTMLReporter@3ddb774f: 12 ms
2026-02-06 11:29:33 [main] INFO  org.testng.internal.Utils - [TestNG] Time taken by org.testng.reporters.jq.Main@6723610b: 22 ms
2026-02-06 11:29:33 [main] INFO  org.testng.internal.Utils - [TestNG] Time taken by org.testng.reporters.FailedReporter@5ba03c82: 0 ms
2026-02-06 11:29:33 [main] INFO  org.testng.internal.Utils - [TestNG] Time taken by org.testng.reporters.XMLReporter@a9c5b75: 11 ms
2026-02-06 11:29:33 [main] INFO  org.testng.internal.Utils - [TestNG] Time taken by org.testng.reporters.EmailableReporter2@642a16aa: 7 ms
2026-02-06 11:29:33 [main] INFO  org.testng.internal.Utils - [TestNG] Time taken by org.testng.reporters.JUnitReportReporter@5f5827d0: 3 ms
2026-02-06 11:29:33 [main] INFO  org.testng.internal.Utils - [TestNG] Time taken by org.testng.internal.ExitCodeListener@58a2d9f9: 0 ms
2026-02-06 11:40:41 [main] INFO  org.testng.internal.Utils - [Utils] MethodGroupsHelper.collectMethodsByGroup() took 2 ms.
2026-02-06 11:40:41 [main] INFO  org.testng.internal.Utils - [Utils] MethodGroupsHelper.sortMethods() took 5 ms.
2026-02-06 11:40:41 [main] INFO  org.testng.internal.Utils - [Utils] MethodGroupsHelper.collectMethodsByGroup() took 0 ms.
2026-02-06 11:40:41 [main] INFO  org.testng.internal.Utils - [Utils] MethodGroupsHelper.sortMethods() took 0 ms.
2026-02-06 11:40:41 [main] INFO  org.testng.internal.Utils - [Utils] MethodGroupsHelper.collectMethodsByGroup() took 0 ms.
2026-02-06 11:40:41 [main] INFO  org.testng.internal.Utils - [Utils] MethodGroupsHelper.sortMethods() took 0 ms.
2026-02-06 11:40:41 [main] INFO  org.testng.internal.Utils - [Utils] MethodGroupsHelper.collectMethodsByGroup() took 0 ms.
2026-02-06 11:40:41 [main] INFO  org.testng.internal.Utils - [Utils] MethodGroupsHelper.sortMethods() took 0 ms.
2026-02-06 11:40:41 [main] INFO  org.testng.internal.Utils - [Utils] MethodGroupsHelper.collectMethodsByGroup() took 0 ms.
2026-02-06 11:40:41 [main] INFO  org.testng.internal.Utils - [Utils] MethodGroupsHelper.sortMethods() took 0 ms.
2026-02-06 11:40:41 [main] INFO  org.testng.internal.Utils - [Utils] MethodGroupsHelper.collectMethodsByGroup() took 0 ms.
2026-02-06 11:40:41 [main] INFO  org.testng.internal.Utils - [Utils] MethodGroupsHelper.sortMethods() took 0 ms.
2026-02-06 11:40:41 [main] INFO  org.testng.internal.Utils - [Utils] MethodGroupsHelper.collectMethodsByGroup() took 0 ms.
2026-02-06 11:40:41 [main] INFO  org.testng.internal.Utils - [Utils] MethodGroupsHelper.sortMethods() took 0 ms.
2026-02-06 11:40:41 [main] INFO  org.testng.internal.Utils - [Utils] MethodGroupsHelper.collectMethodsByGroup() took 0 ms.
2026-02-06 11:40:41 [main] INFO  org.testng.internal.Utils - [Utils] MethodGroupsHelper.sortMethods() took 0 ms.
2026-02-06 11:40:41 [main] INFO  org.testng.internal.Utils - [Utils] MethodGroupsHelper.collectMethodsByGroup() took 0 ms.
2026-02-06 11:40:41 [main] INFO  org.testng.internal.Utils - [Utils] MethodGroupsHelper.sortMethods() took 0 ms.
2026-02-06 11:40:41 [main] INFO  org.testng.internal.Utils - [Utils] MethodGroupsHelper.collectMethodsByGroup() took 0 ms.
2026-02-06 11:40:41 [main] INFO  org.testng.internal.Utils - [Utils] MethodGroupsHelper.sortMethods() took 0 ms.
2026-02-06 11:40:41 [main] INFO  org.testng.internal.Utils - [Utils] MethodGroupsHelper.collectMethodsByGroup() took 0 ms.
2026-02-06 11:40:41 [main] INFO  org.testng.internal.Utils - [Utils] MethodGroupsHelper.sortMethods() took 0 ms.
2026-02-06 11:40:41 [main] INFO  org.testng.internal.Utils - [Utils] MethodGroupsHelper.collectMethodsByGroup() took 0 ms.
2026-02-06 11:40:41 [main] INFO  org.testng.internal.Utils - [Utils] MethodGroupsHelper.sortMethods() took 0 ms.
2026-02-06 11:40:41 [main] INFO  org.testng.internal.Utils - [Utils] MethodGroupsHelper.collectMethodsByGroup() took 2 ms.
2026-02-06 11:40:41 [main] INFO  org.testng.internal.Utils - [Utils] MethodGroupsHelper.sortMethods() took 0 ms.
2026-02-06 11:40:41 [main] INFO  org.testng.internal.Utils - [Utils] MethodGroupsHelper.collectMethodsByGroup() took 0 ms.
2026-02-06 11:40:41 [main] INFO  org.testng.internal.Utils - [Utils] MethodGroupsHelper.sortMethods() took 0 ms.
2026-02-06 11:40:41 [main] INFO  org.testng.internal.Utils - [Utils] MethodGroupsHelper.collectMethodsByGroup() took 0 ms.
2026-02-06 11:40:41 [main] INFO  org.testng.internal.Utils - [Utils] MethodGroupsHelper.sortMethods() took 0 ms.
2026-02-06 11:40:41 [main] INFO  org.testng.internal.Utils - [TestNG] Running:
  C:\Users\ASUS\AppData\Local\Temp\testng-eclipse-1993031363\testng-customsuite.xml

2026-02-06 11:40:41 [main] INFO  com.automation.utils.Log - ==== Test Suite Setup ====
2026-02-06 11:40:41 [main] INFO  org.testng.internal.Utils - [Utils] DynamicGraphHelper.createDynamicGraph() took 1 ms.
2026-02-06 11:40:41 [main] INFO  com.automation.utils.Log - Launching application
2026-02-06 11:40:41 [main] INFO  io.github.bonigarcia.wdm.WebDriverManager - Using chromedriver 144.0.7559.133 (resolved driver for Chrome 144)
2026-02-06 11:40:41 [main] INFO  io.github.bonigarcia.wdm.WebDriverManager - Exporting webdriver.chrome.driver as C:\Users\ASUS\.cache\selenium\chromedriver\win64\144.0.7559.133\chromedriver.exe
2026-02-06 11:40:43 [main] INFO  com.automation.utils.Log - Waiting for page to load completely
2026-02-06 11:40:43 [main] INFO  com.automation.utils.Log - Page load completed
2026-02-06 11:40:43 [main] INFO  com.automation.utils.Log - Waiting for UI stability: 1 seconds
2026-02-06 11:40:44 [main] INFO  com.automation.utils.Log - Screenshot saved: 001_InitialPageLoad_20260206_114044.png
2026-02-06 11:40:44 [main] INFO  com.automation.utils.Log - ===== TC_DB_005 Started: Concurrent Tab Logout =====
2026-02-06 11:40:44 [main] INFO  com.automation.utils.Log - Waiting for page to load completely
2026-02-06 11:40:44 [main] INFO  com.automation.utils.Log - Page load completed
2026-02-06 11:40:44 [main] INFO  com.automation.utils.Log - Waiting for UI stability: 2 seconds
2026-02-06 11:40:46 [main] INFO  com.automation.utils.Log - Screenshot saved: 002_BeforeEnteringText_20260206_114046.png
2026-02-06 11:40:46 [main] INFO  com.automation.utils.Log - Waiting for page to load completely
2026-02-06 11:40:46 [main] INFO  com.automation.utils.Log - Page load completed
2026-02-06 11:40:46 [main] INFO  com.automation.utils.Log - Waiting for UI stability: 2 seconds
2026-02-06 11:40:48 [main] INFO  com.automation.utils.Log - Screenshot saved: 003_AfterEnteringText_jaydeep@apycue.com_20260206_114048.png
2026-02-06 11:40:48 [main] INFO  com.automation.utils.Log - Waiting for page to load completely
2026-02-06 11:40:48 [main] INFO  com.automation.utils.Log - Page load completed
2026-02-06 11:40:48 [main] INFO  com.automation.utils.Log - Waiting for UI stability: 2 seconds
2026-02-06 11:40:51 [main] INFO  com.automation.utils.Log - Screenshot saved: 004_BeforeEnteringText_20260206_114050.png
2026-02-06 11:40:51 [main] INFO  com.automation.utils.Log - Waiting for page to load completely
2026-02-06 11:40:51 [main] INFO  com.automation.utils.Log - Page load completed
2026-02-06 11:40:51 [main] INFO  com.automation.utils.Log - Waiting for UI stability: 2 seconds
2026-02-06 11:40:53 [main] INFO  com.automation.utils.Log - Screenshot saved: 005_AfterEnteringText_Apycue@Staging2024!_20260206_114053.png
2026-02-06 11:40:53 [main] INFO  com.automation.utils.Log - Waiting for page to load completely
2026-02-06 11:40:53 [main] INFO  com.automation.utils.Log - Page load completed
2026-02-06 11:40:53 [main] INFO  com.automation.utils.Log - Waiting for UI stability: 2 seconds
2026-02-06 11:40:55 [main] INFO  com.automation.utils.Log - Screenshot saved: 006_BeforeClick_20260206_114055.png
2026-02-06 11:40:55 [main] INFO  com.automation.utils.Log - Waiting for page to load completely
2026-02-06 11:40:55 [main] INFO  com.automation.utils.Log - Page load completed
2026-02-06 11:40:55 [main] INFO  com.automation.utils.Log - Waiting for UI stability: 2 seconds
2026-02-06 11:40:57 [main] INFO  com.automation.utils.Log - Screenshot saved: 007_AfterClick_20260206_114057.png
2026-02-06 11:40:57 [main] INFO  com.automation.utils.Log - Waiting for page to load completely
2026-02-06 11:40:57 [main] INFO  com.automation.utils.Log - Page load completed
2026-02-06 11:40:57 [main] INFO  com.automation.utils.Log - Waiting for UI stability: 2 seconds
2026-02-06 11:40:59 [main] INFO  com.automation.utils.Log - Screenshot saved: 008_BeforeClick_20260206_114059.png
2026-02-06 11:40:59 [main] INFO  com.automation.utils.Log - Waiting for page to load completely
2026-02-06 11:40:59 [main] INFO  com.automation.utils.Log - Page load completed
2026-02-06 11:40:59 [main] INFO  com.automation.utils.Log - Waiting for UI stability: 2 seconds
2026-02-06 11:41:01 [main] INFO  com.automation.utils.Log - Screenshot saved: 009_AfterClick_20260206_114101.png
2026-02-06 11:41:01 [main] INFO  com.automation.utils.Log - Waiting for profile button to be visible
2026-02-06 11:41:01 [main] INFO  com.automation.utils.Log - Hovering over profile button
2026-02-06 11:41:02 [main] INFO  com.automation.utils.Log - Clicking Logout button on Back Office Dashboard page
2026-02-06 11:41:02 [main] INFO  com.automation.utils.Log - Waiting for page to load completely
2026-02-06 11:41:02 [main] INFO  com.automation.utils.Log - Page load completed
2026-02-06 11:41:02 [main] INFO  com.automation.utils.Log - Waiting for UI stability: 2 seconds
2026-02-06 11:41:04 [main] INFO  com.automation.utils.Log - Screenshot saved: 010_BeforeClick_20260206_114104.png
2026-02-06 11:41:04 [main] INFO  com.automation.utils.Log - Waiting for page to load completely
2026-02-06 11:41:04 [main] INFO  com.automation.utils.Log - Page load completed
2026-02-06 11:41:04 [main] INFO  com.automation.utils.Log - Waiting for UI stability: 2 seconds
2026-02-06 11:41:06 [main] INFO  com.automation.utils.Log - Screenshot saved: 011_AfterClick_20260206_114106.png
2026-02-06 11:41:06 [main] INFO  com.automation.utils.Log - ===== TC_DB_005 Completed Successfully =====
2026-02-06 11:41:06 [main] INFO  com.automation.utils.Log - ==== Test Suite Completed ====
2026-02-06 11:41:06 [main] INFO  org.testng.internal.Utils - [TestNG] Time taken by org.testng.reporters.SuiteHTMLReporter@1d02af26: 14 ms
2026-02-06 11:41:06 [main] INFO  org.testng.internal.Utils - [TestNG] Time taken by org.testng.reporters.jq.Main@5f59ea8c: 31 ms
2026-02-06 11:41:06 [main] INFO  org.testng.internal.Utils - [TestNG] Time taken by org.testng.reporters.FailedReporter@7b2ccba5: 0 ms
2026-02-06 11:41:06 [main] INFO  org.testng.internal.Utils - [TestNG] Time taken by org.testng.reporters.XMLReporter@56c8e6f0: 9 ms
2026-02-06 11:41:06 [main] INFO  org.testng.internal.Utils - [TestNG] Time taken by org.testng.reporters.EmailableReporter2@2da99821: 3 ms
2026-02-06 11:41:06 [main] INFO  org.testng.internal.Utils - [TestNG] Time taken by org.testng.reporters.JUnitReportReporter@7b1e5e55: 4 ms
2026-02-06 11:41:06 [main] INFO  org.testng.internal.Utils - [TestNG] Time taken by org.testng.internal.ExitCodeListener@4c1d59cd: 0 ms
